C:/FRI25_26/2.seminarska/11_57/Core/Src/main.c:930:6:ReadTempTask	64	static
C:/FRI25_26/2.seminarska/11_57/Core/Src/main.c:958:6:ReadVlagaTask	32	static
C:/FRI25_26/2.seminarska/11_57/Core/Src/main.c:170:6:BT_SendString	8	static
C:/FRI25_26/2.seminarska/11_57/Core/Src/main.c:894:6:StartDefaultTask	8	static
C:/FRI25_26/2.seminarska/11_57/Core/Src/main.c:309:6:SystemClock_Config	136	static
C:/FRI25_26/2.seminarska/11_57/Core/Src/main.c:190:5:main	120	static,ignoring_inline_asm
C:/FRI25_26/2.seminarska/11_57/Core/Src/main.c:1059:6:HAL_TIM_PeriodElapsedCallback	0	static
C:/FRI25_26/2.seminarska/11_57/Core/Src/main.c:1076:6:Error_Handler	0	static
