C:/FRI25_26/2.seminarska/11_57/Core/Src/main.c:930:6:ReadTempTask	1
C:/FRI25_26/2.seminarska/11_57/Core/Src/main.c:958:6:ReadVlagaTask	1
C:/FRI25_26/2.seminarska/11_57/Core/Src/main.c:170:6:BT_SendString	1
C:/FRI25_26/2.seminarska/11_57/Core/Src/main.c:894:6:StartDefaultTask	1
C:/FRI25_26/2.seminarska/11_57/Core/Src/main.c:309:6:SystemClock_Config	2
C:/FRI25_26/2.seminarska/11_57/Core/Src/main.c:190:5:main	5
C:/FRI25_26/2.seminarska/11_57/Core/Src/main.c:1059:6:HAL_TIM_PeriodElapsedCallback	2
C:/FRI25_26/2.seminarska/11_57/Core/Src/main.c:1076:6:Error_Handler	1
