C:/FRI25_26/2.seminarska/11_57/Core/Src/stm32h7xx_it.c:77:6:NMI_Handler	0	static
C:/FRI25_26/2.seminarska/11_57/Core/Src/stm32h7xx_it.c:90:6:HardFault_Handler	0	static
C:/FRI25_26/2.seminarska/11_57/Core/Src/stm32h7xx_it.c:105:6:MemManage_Handler	0	static
C:/FRI25_26/2.seminarska/11_57/Core/Src/stm32h7xx_it.c:120:6:BusFault_Handler	0	static
C:/FRI25_26/2.seminarska/11_57/Core/Src/stm32h7xx_it.c:135:6:UsageFault_Handler	0	static
C:/FRI25_26/2.seminarska/11_57/Core/Src/stm32h7xx_it.c:150:6:DebugMon_Handler	0	static
C:/FRI25_26/2.seminarska/11_57/Core/Src/stm32h7xx_it.c:170:6:USART3_IRQHandler	0	static
C:/FRI25_26/2.seminarska/11_57/Core/Src/stm32h7xx_it.c:184:6:TIM6_DAC_IRQHandler	0	static
C:/FRI25_26/2.seminarska/11_57/Core/Src/stm32h7xx_it.c:198:6:LTDC_IRQHandler	0	static
C:/FRI25_26/2.seminarska/11_57/Core/Src/stm32h7xx_it.c:212:6:DMA2D_IRQHandler	0	static
C:/FRI25_26/2.seminarska/11_57/Core/Src/stm32h7xx_it.c:226:6:JPEG_IRQHandler	0	static
C:/FRI25_26/2.seminarska/11_57/Core/Src/stm32h7xx_it.c:240:6:MDMA_IRQHandler	8	static
