C:/FRI25_26/2.seminarska/11_57/Core/Src/stm32h7xx_hal_msp.c:67:6:HAL_MspInit	16	static
C:/FRI25_26/2.seminarska/11_57/Core/Src/stm32h7xx_hal_msp.c:90:6:HAL_ADC_MspInit	208	static
C:/FRI25_26/2.seminarska/11_57/Core/Src/stm32h7xx_hal_msp.c:138:6:HAL_ADC_MspDeInit	0	static
C:/FRI25_26/2.seminarska/11_57/Core/Src/stm32h7xx_hal_msp.c:161:6:HAL_CRC_MspInit	8	static
C:/FRI25_26/2.seminarska/11_57/Core/Src/stm32h7xx_hal_msp.c:183:6:HAL_CRC_MspDeInit	0	static
C:/FRI25_26/2.seminarska/11_57/Core/Src/stm32h7xx_hal_msp.c:205:6:HAL_DMA2D_MspInit	16	static
C:/FRI25_26/2.seminarska/11_57/Core/Src/stm32h7xx_hal_msp.c:230:6:HAL_DMA2D_MspDeInit	0	static
C:/FRI25_26/2.seminarska/11_57/Core/Src/stm32h7xx_hal_msp.c:255:6:HAL_I2C_MspInit	232	static
C:/FRI25_26/2.seminarska/11_57/Core/Src/stm32h7xx_hal_msp.c:301:6:HAL_I2C_MspDeInit	8	static
C:/FRI25_26/2.seminarska/11_57/Core/Src/stm32h7xx_hal_msp.c:332:6:HAL_JPEG_MspInit	24	static
C:/FRI25_26/2.seminarska/11_57/Core/Src/stm32h7xx_hal_msp.c:416:6:HAL_JPEG_MspDeInit	8	static
C:/FRI25_26/2.seminarska/11_57/Core/Src/stm32h7xx_hal_msp.c:445:6:HAL_LTDC_MspInit	248	static
C:/FRI25_26/2.seminarska/11_57/Core/Src/stm32h7xx_hal_msp.c:557:6:HAL_LTDC_MspDeInit	8	static
C:/FRI25_26/2.seminarska/11_57/Core/Src/stm32h7xx_hal_msp.c:625:6:HAL_QSPI_MspInit	264	static
C:/FRI25_26/2.seminarska/11_57/Core/Src/stm32h7xx_hal_msp.c:718:6:HAL_QSPI_MspDeInit	8	static
C:/FRI25_26/2.seminarska/11_57/Core/Src/stm32h7xx_hal_msp.c:761:6:HAL_UART_MspInit	232	static
C:/FRI25_26/2.seminarska/11_57/Core/Src/stm32h7xx_hal_msp.c:811:6:HAL_UART_MspDeInit	8	static
C:/FRI25_26/2.seminarska/11_57/Core/Src/stm32h7xx_hal_msp.c:947:6:HAL_SDRAM_MspInit	240	static
C:/FRI25_26/2.seminarska/11_57/Core/Src/stm32h7xx_hal_msp.c:1031:6:HAL_SDRAM_MspDeInit	8	static
