../../Middlewares/ST/touchgfx/framework/include/touchgfx/Screen.hpp:104:18:virtual void touchgfx::Screen::afterTransition()	0	static
../../Middlewares/ST/touchgfx/framework/include/touchgfx/Screen.hpp:144:18:virtual void touchgfx::Screen::handleTickEvent()	0	static
../../Middlewares/ST/touchgfx/framework/include/touchgfx/Screen.hpp:154:18:virtual void touchgfx::Screen::handleKeyEvent(uint8_t)	0	static
../../TouchGFX/generated/gui_generated/include/gui_generated/screen1_screen/Screen1ViewBase.hpp:29:18:virtual void Screen1ViewBase::waterBarFunc()	0	static
C:/FRI25_26/2.seminarska/11_57/TouchGFX/gui/src/screen1_screen/Screen1View.cpp:16:6:virtual void Screen1View::tearDownScreen()	0	static
../../TouchGFX/gui/include/gui/screen1_screen/Screen1View.hpp:18:13:Screen1View::~Screen1View()	8	static
../../TouchGFX/gui/include/gui/screen1_screen/Screen1View.hpp:18:13:virtual Screen1View::~Screen1View()	8	static
C:/FRI25_26/2.seminarska/11_57/TouchGFX/gui/src/screen1_screen/Screen1View.cpp:6:1:Screen1View::Screen1View()	8	static
C:/FRI25_26/2.seminarska/11_57/TouchGFX/gui/src/screen1_screen/Screen1View.cpp:41:6:void Screen1View::updateBackground(VlagaLevel)	32	static
C:/FRI25_26/2.seminarska/11_57/TouchGFX/gui/src/screen1_screen/Screen1View.cpp:11:6:virtual void Screen1View::setupScreen()	0	static
C:/FRI25_26/2.seminarska/11_57/TouchGFX/gui/src/screen1_screen/Screen1View.cpp:28:6:virtual void Screen1View::updateTemp(float)	16	static
C:/FRI25_26/2.seminarska/11_57/TouchGFX/gui/src/screen1_screen/Screen1View.cpp:34:6:virtual void Screen1View::updateVlaga(uint16_t)	8	static
C:/FRI25_26/2.seminarska/11_57/TouchGFX/gui/src/screen1_screen/Screen1View.cpp:82:6:virtual void Screen1View::waterBarFunc(uint16_t)	16	static
