../../Middlewares/ST/touchgfx/framework/include/touchgfx/Font.hpp:383:43:virtual uint8_t touchgfx::Font::getBitsPerPixel() const	0	static
../../Middlewares/ST/touchgfx/framework/include/touchgfx/TypedText.hpp:65:13:touchgfx::TypedText::~TypedText()	0	static
../../TouchGFX/generated/fonts/include/fonts/CachedFont.hpp:57:29:virtual const uint16_t* touchgfx::CachedFont::getGSUBTable() const	0	static
../../TouchGFX/generated/fonts/include/fonts/CachedFont.hpp:66:18:virtual void touchgfx::CachedFont::setGSUBTable(const uint16_t*)	0	static
../../TouchGFX/generated/fonts/include/fonts/CachedFont.hpp:71:45:virtual const touchgfx::FontContextualFormsTable* touchgfx::CachedFont::getContextualFormsTable() const	0	static
../../TouchGFX/generated/fonts/include/fonts/CachedFont.hpp:80:18:virtual void touchgfx::CachedFont::setContextualFormsTable(const touchgfx::FontContextualFormsTable*)	0	static
../../Middlewares/ST/touchgfx/framework/include/touchgfx/TypedText.hpp:65:13:virtual touchgfx::TypedText::~TypedText()	8	static
C:/FRI25_26/2.seminarska/11_57/TouchGFX/generated/fonts/src/FontCache.cpp:13:1:touchgfx::FontCache::FontCache()	0	static
C:/FRI25_26/2.seminarska/11_57/TouchGFX/generated/fonts/src/FontCache.cpp:18:6:void touchgfx::FontCache::clear(bool)	16	static
C:/FRI25_26/2.seminarska/11_57/TouchGFX/generated/fonts/src/FontCache.cpp:35:6:void touchgfx::FontCache::setMemory(uint8_t*, uint32_t)	16	static
C:/FRI25_26/2.seminarska/11_57/TouchGFX/generated/fonts/src/FontCache.cpp:43:6:void touchgfx::FontCache::setReader(touchgfx::FontDataReader*)	0	static
C:/FRI25_26/2.seminarska/11_57/TouchGFX/generated/fonts/src/FontCache.cpp:48:18:const touchgfx::GlyphNode* touchgfx::FontCache::getGlyph(touchgfx::Unicode::UnicodeChar, touchgfx::FontId) const	0	static
C:/FRI25_26/2.seminarska/11_57/TouchGFX/generated/fonts/src/FontCache.cpp:63:6:void touchgfx::FontCache::open()	0	static
C:/FRI25_26/2.seminarska/11_57/TouchGFX/generated/fonts/src/FontCache.cpp:71:6:void touchgfx::FontCache::close()	0	static
C:/FRI25_26/2.seminarska/11_57/TouchGFX/generated/fonts/src/FontCache.cpp:79:6:void touchgfx::FontCache::initializeCachedFont(touchgfx::TypedText, touchgfx::CachedFont*, bool)	144	static
C:/FRI25_26/2.seminarska/11_57/TouchGFX/generated/fonts/src/FontCache.cpp:233:6:bool touchgfx::FontCache::contains(touchgfx::Unicode::UnicodeChar, touchgfx::FontId) const	0	static
C:/FRI25_26/2.seminarska/11_57/TouchGFX/generated/fonts/src/FontCache.cpp:248:6:void touchgfx::FontCache::insert(touchgfx::Unicode::UnicodeChar, touchgfx::FontId, uint32_t, bool&)	32	static
C:/FRI25_26/2.seminarska/11_57/TouchGFX/generated/fonts/src/FontCache.cpp:276:10:uint8_t* touchgfx::FontCache::copyGlyph(uint8_t*, touchgfx::Unicode::UnicodeChar, touchgfx::FontId, uint32_t, bool&)	24	static
C:/FRI25_26/2.seminarska/11_57/TouchGFX/generated/fonts/src/FontCache.cpp:310:6:void touchgfx::FontCache::cacheData(uint32_t, touchgfx::GlyphNode*)	32	static
C:/FRI25_26/2.seminarska/11_57/TouchGFX/generated/fonts/src/FontCache.cpp:184:6:bool touchgfx::FontCache::cacheSortedString(touchgfx::TypedText)	64	static
C:/FRI25_26/2.seminarska/11_57/TouchGFX/generated/fonts/src/FontCache.cpp:158:6:bool touchgfx::FontCache::cacheString(touchgfx::TypedText, const touchgfx::Unicode::UnicodeChar*)	32	static
C:/FRI25_26/2.seminarska/11_57/TouchGFX/generated/fonts/src/FontCache.cpp:336:6:bool touchgfx::FontCache::createSortedString(const touchgfx::Unicode::UnicodeChar*)	16	static
C:/FRI25_26/2.seminarska/11_57/TouchGFX/generated/fonts/src/FontCache.cpp:357:6:)	140	static
C:/FRI25_26/2.seminarska/11_57/TouchGFX/generated/fonts/src/FontCache.cpp:171:6:bool touchgfx::FontCache::cacheLigatures(touchgfx::CachedFont*, touchgfx::TypedText, const touchgfx::Unicode::UnicodeChar*)	40	static
C:/FRI25_26/2.seminarska/11_57/TouchGFX/generated/fonts/src/FontCache.cpp:384:6:bool touchgfx::FontCache::sortSortedString(int)	8	static
C:/FRI25_26/2.seminarska/11_57/TouchGFX/generated/fonts/src/FontCache.cpp:410:6:void touchgfx::FontCache::setPosition(uint32_t)	0	static
C:/FRI25_26/2.seminarska/11_57/TouchGFX/generated/fonts/src/FontCache.cpp:418:6:void touchgfx::FontCache::readData(void*, uint32_t)	0	static
